2026-02-14 12:00:44,915 - app - INFO - Model loaded on cpu
2026-02-14 12:03:06,161 - app - INFO - Model loaded on cpu
2026-02-14 12:04:52,886 - app - INFO - Model loaded on cpu
2026-02-14 12:05:35,788 - app - INFO - Prediction request with modalities: {'image': True, 'audio': True, 'chemical': True}
2026-02-14 12:06:03,993 - app - INFO - Prediction request with modalities: {'image': True, 'audio': False, 'chemical': True}
2026-02-14 12:06:04,305 - app - INFO - Prediction request with modalities: {'image': False, 'audio': True, 'chemical': True}
2026-02-14 12:06:04,335 - app - INFO - Prediction request with modalities: {'image': False, 'audio': False, 'chemical': True}
2026-02-15 23:03:11,562 - app - INFO - Scan 1771189389148: Hematite -> hematite (100.00%) - Status: verified
2026-02-15 23:15:34,406 - app - INFO - Scan 1771190132373: Hematite -> hematite (100.00%) - Status: verified
2026-02-26 14:04:30,791 - app - INFO - Scan scan_1772107470205_546642: gold -> gold (100.00%) - Status: verified
2026-02-27 13:45:14,988 - app - INFO - Scan scan_1772192714502_462864: gold -> gold (100.00%) - Status: verified
2026-02-27 20:00:52,250 - app - INFO - Scan scan_1772215252123_793686: chalcopyrite -> gold (100.00%) - Status: notVerified
2026-02-27 20:06:18,968 - app - INFO - Scan scan_1772215578760_417146: chalcopyrite -> gold (100.00%) - Status: notVerified
2026-02-27 23:10:48,835 - app - INFO - Scan scan_1772226647533_335488: chalcopyrite -> gold (100.00%) - Status: notVerified
2026-02-28 13:47:28,499 - app - INFO - Scan scan_1772279248132_731294: gold -> gold (87.63%) - Status: verified
2026-02-28 13:52:59,422 - app - INFO - Scan scan_1772279579076_693491: gold -> gold (90.28%) - Status: verified
2026-02-28 14:13:01,088 - app - INFO - Scan scan_1772280780883_365493: chalcopyrite -> chalcopyrite (99.94%) - Status: verified
2026-02-28 14:14:39,539 - app - INFO - Scan scan_1772280879341_849256: hematite -> hematite (99.92%) - Status: verified
2026-02-28 22:15:59,533 - app - INFO - Scan scan_1772309758040_789921: hematite -> hematite (99.50%) - Status: verified
2026-03-01 09:23:39,818 - app - INFO - Scan scan_1772349819434_60324: hematite -> hematite (99.92%) - Status: verified
2026-03-01 09:24:10,516 - app - INFO - Scan scan_1772349850140_296521: hematite -> hematite (99.92%) - Status: verified
2026-03-01 17:53:39,945 - app - INFO - Scan scan_1772380418319_127074: gold -> gold (94.68%) - Status: verified
2026-03-03 12:36:49,677 - app - INFO - Scan scan_1772534206742_295101: hematite -> hematite (99.97%) - Status: verified
2026-03-03 12:41:34,710 - app - INFO - Scan test_mail_1772534491: gold -> gold (77.15%) - Status: notVerified
2026-03-03 12:44:48,860 - app - INFO - Scan test_mail_1772534685: gold -> chalcopyrite (97.31%) - Status: notVerified
2026-03-03 12:46:25,204 - app - INFO - Scan test_mail_1772534782: gold -> chalcopyrite (98.55%) - Status: notVerified
2026-03-03 12:47:59,998 - app - INFO - Scan test_mail_1772534877: gold -> chalcopyrite (93.63%) - Status: notVerified
2026-03-03 18:04:02,634 - app - INFO - Scan scan_1772553837063_523932: hematite -> hematite (99.53%) - Status: verified
2026-03-04 09:54:59,715 - app - INFO - Scan scan_1772610895223_741426: hematite -> hematite (99.92%) - Status: verified
2026-03-04 10:05:31,304 - app - INFO - Scan scan_1772611527218_190104: chalcopyrite -> chalcopyrite (98.95%) - Status: verified
